Archive member included to satisfy reference by file (symbol)

c:/st/stm32cubeide_1.7.0/stm32cubeide/plugins/com.st.stm32cube.ide.mcu.externaltools.gnu-tools-for-stm32.9-2020-q2-update.win32_2.0.0.202105311346/tools/bin/../lib/gcc/arm-none-eabi/9.3.1/../../../../arm-none-eabi/lib/thumb/v7-m/nofp\libc_nano.a(lib_a-errno.o)
                              ./Core/Src/syscalls.o (__errno)
c:/st/stm32cubeide_1.7.0/stm32cubeide/plugins/com.st.stm32cube.ide.mcu.externaltools.gnu-tools-for-stm32.9-2020-q2-update.win32_2.0.0.202105311346/tools/bin/../lib/gcc/arm-none-eabi/9.3.1/../../../../arm-none-eabi/lib/thumb/v7-m/nofp\libc_nano.a(lib_a-exit.o)
                              c:/st/stm32cubeide_1.7.0/stm32cubeide/plugins/com.st.stm32cube.ide.mcu.externaltools.gnu-tools-for-stm32.9-2020-q2-update.win32_2.0.0.202105311346/tools/bin/../lib/gcc/arm-none-eabi/9.3.1/../../../../arm-none-eabi/lib/thumb/v7-m/nofp/crt0.o (exit)
c:/st/stm32cubeide_1.7.0/stm32cubeide/plugins/com.st.stm32cube.ide.mcu.externaltools.gnu-tools-for-stm32.9-2020-q2-update.win32_2.0.0.202105311346/tools/bin/../lib/gcc/arm-none-eabi/9.3.1/../../../../arm-none-eabi/lib/thumb/v7-m/nofp\libc_nano.a(lib_a-impure.o)
                              c:/st/stm32cubeide_1.7.0/stm32cubeide/plugins/com.st.stm32cube.ide.mcu.externaltools.gnu-tools-for-stm32.9-2020-q2-update.win32_2.0.0.202105311346/tools/bin/../lib/gcc/arm-none-eabi/9.3.1/../../../../arm-none-eabi/lib/thumb/v7-m/nofp\libc_nano.a(lib_a-exit.o) (_global_impure_ptr)
c:/st/stm32cubeide_1.7.0/stm32cubeide/plugins/com.st.stm32cube.ide.mcu.externaltools.gnu-tools-for-stm32.9-2020-q2-update.win32_2.0.0.202105311346/tools/bin/../lib/gcc/arm-none-eabi/9.3.1/../../../../arm-none-eabi/lib/thumb/v7-m/nofp\libc_nano.a(lib_a-init.o)
                              c:/st/stm32cubeide_1.7.0/stm32cubeide/plugins/com.st.stm32cube.ide.mcu.externaltools.gnu-tools-for-stm32.9-2020-q2-update.win32_2.0.0.202105311346/tools/bin/../lib/gcc/arm-none-eabi/9.3.1/../../../../arm-none-eabi/lib/thumb/v7-m/nofp/crt0.o (__libc_init_array)
c:/st/stm32cubeide_1.7.0/stm32cubeide/plugins/com.st.stm32cube.ide.mcu.externaltools.gnu-tools-for-stm32.9-2020-q2-update.win32_2.0.0.202105311346/tools/bin/../lib/gcc/arm-none-eabi/9.3.1/../../../../arm-none-eabi/lib/thumb/v7-m/nofp\libc_nano.a(lib_a-memset.o)
                              c:/st/stm32cubeide_1.7.0/stm32cubeide/plugins/com.st.stm32cube.ide.mcu.externaltools.gnu-tools-for-stm32.9-2020-q2-update.win32_2.0.0.202105311346/tools/bin/../lib/gcc/arm-none-eabi/9.3.1/../../../../arm-none-eabi/lib/thumb/v7-m/nofp/crt0.o (memset)

Allocating common symbols
Common symbol       size              file

uwTick              0x4               ./Drivers/STM32F1xx_HAL_Driver/Src/stm32f1xx_hal.o
pFlash              0x20              ./Drivers/STM32F1xx_HAL_Driver/Src/stm32f1xx_hal_flash.o
htim2               0x48              ./Core/Src/main.o

Discarded input sections

 .text          0x0000000000000000        0x0 c:/st/stm32cubeide_1.7.0/stm32cubeide/plugins/com.st.stm32cube.ide.mcu.externaltools.gnu-tools-for-stm32.9-2020-q2-update.win32_2.0.0.202105311346/tools/bin/../lib/gcc/arm-none-eabi/9.3.1/thumb/v7-m/nofp/crti.o
 .data          0x0000000000000000        0x0 c:/st/stm32cubeide_1.7.0/stm32cubeide/plugins/com.st.stm32cube.ide.mcu.externaltools.gnu-tools-for-stm32.9-2020-q2-update.win32_2.0.0.202105311346/tools/bin/../lib/gcc/arm-none-eabi/9.3.1/thumb/v7-m/nofp/crti.o
 .bss           0x0000000000000000        0x0 c:/st/stm32cubeide_1.7.0/stm32cubeide/plugins/com.st.stm32cube.ide.mcu.externaltools.gnu-tools-for-stm32.9-2020-q2-update.win32_2.0.0.202105311346/tools/bin/../lib/gcc/arm-none-eabi/9.3.1/thumb/v7-m/nofp/crti.o
 .data          0x0000000000000000        0x4 c:/st/stm32cubeide_1.7.0/stm32cubeide/plugins/com.st.stm32cube.ide.mcu.externaltools.gnu-tools-for-stm32.9-2020-q2-update.win32_2.0.0.202105311346/tools/bin/../lib/gcc/arm-none-eabi/9.3.1/thumb/v7-m/nofp/crtbegin.o
 .text          0x0000000000000000       0x7c c:/st/stm32cubeide_1.7.0/stm32cubeide/plugins/com.st.stm32cube.ide.mcu.externaltools.gnu-tools-for-stm32.9-2020-q2-update.win32_2.0.0.202105311346/tools/bin/../lib/gcc/arm-none-eabi/9.3.1/../../../../arm-none-eabi/lib/thumb/v7-m/nofp/crt0.o
 .data          0x0000000000000000        0x0 c:/st/stm32cubeide_1.7.0/stm32cubeide/plugins/com.st.stm32cube.ide.mcu.externaltools.gnu-tools-for-stm32.9-2020-q2-update.win32_2.0.0.202105311346/tools/bin/../lib/gcc/arm-none-eabi/9.3.1/../../../../arm-none-eabi/lib/thumb/v7-m/nofp/crt0.o
 .bss           0x0000000000000000        0x0 c:/st/stm32cubeide_1.7.0/stm32cubeide/plugins/com.st.stm32cube.ide.mcu.externaltools.gnu-tools-for-stm32.9-2020-q2-update.win32_2.0.0.202105311346/tools/bin/../lib/gcc/arm-none-eabi/9.3.1/../../../../arm-none-eabi/lib/thumb/v7-m/nofp/crt0.o
[...]
Memory Configuration

Name             Origin             Length             Attributes
RAM              0x0000000020000000 0x0000000000002800 xrw
FLASH            0x0000000008000000 0x0000000000008000 xr
*default*        0x0000000000000000 0xffffffffffffffff

Linker script and memory map

LOAD c:/st/stm32cubeide_1.7.0/stm32cubeide/plugins/com.st.stm32cube.ide.mcu.externaltools.gnu-tools-for-stm32.9-2020-q2-update.win32_2.0.0.202105311346/tools/bin/../lib/gcc/arm-none-eabi/9.3.1/thumb/v7-m/nofp/crti.o
LOAD c:/st/stm32cubeide_1.7.0/stm32cubeide/plugins/com.st.stm32cube.ide.mcu.externaltools.gnu-tools-for-stm32.9-2020-q2-update.win32_2.0.0.202105311346/tools/bin/../lib/gcc/arm-none-eabi/9.3.1/thumb/v7-m/nofp/crtbegin.o
LOAD c:/st/stm32cubeide_1.7.0/stm32cubeide/plugins/com.st.stm32cube.ide.mcu.externaltools.gnu-tools-for-stm32.9-2020-q2-update.win32_2.0.0.202105311346/tools/bin/../lib/gcc/arm-none-eabi/9.3.1/../../../../arm-none-eabi/lib/thumb/v7-m/nofp/crt0.o
LOAD ./Core/Src/clock.o
LOAD ./Core/Src/control7seg_dot.o
LOAD ./Core/Src/control_led_matrix.o
LOAD ./Core/Src/display7seg.o
LOAD ./Core/Src/display_dot.o
LOAD ./Core/Src/display_led_matrix.o
LOAD ./Core/Src/global.o
LOAD ./Core/Src/led_blinky.o
LOAD ./Core/Src/main.o
LOAD ./Core/Src/software_timer.o
LOAD ./Core/Src/stm32f1xx_hal_msp.o
LOAD ./Core/Src/stm32f1xx_it.o
LOAD ./Core/Src/syscalls.o
LOAD ./Core/Src/sysmem.o
LOAD ./Core/Src/system_stm32f1xx.o
LOAD ./Core/Startup/startup_stm32f103c6ux.o
LOAD ./Drivers/STM32F1xx_HAL_Driver/Src/stm32f1xx_hal.o
LOAD ./Drivers/STM32F1xx_HAL_Driver/Src/stm32f1xx_hal_cortex.o
LOAD ./Drivers/STM32F1xx_HAL_Driver/Src/stm32f1xx_hal_dma.o
LOAD ./Drivers/STM32F1xx_HAL_Driver/Src/stm32f1xx_hal_exti.o
LOAD ./Drivers/STM32F1xx_HAL_Driver/Src/stm32f1xx_hal_flash.o
LOAD ./Drivers/STM32F1xx_HAL_Driver/Src/stm32f1xx_hal_flash_ex.o
LOAD ./Drivers/STM32F1xx_HAL_Driver/Src/stm32f1xx_hal_gpio.o
LOAD ./Drivers/STM32F1xx_HAL_Driver/Src/stm32f1xx_hal_gpio_ex.o
LOAD ./Drivers/STM32F1xx_HAL_Driver/Src/stm32f1xx_hal_pwr.o
LOAD ./Drivers/STM32F1xx_HAL_Driver/Src/stm32f1xx_hal_rcc.o
LOAD ./Drivers/STM32F1xx_HAL_Driver/Src/stm32f1xx_hal_rcc_ex.o
LOAD ./Drivers/STM32F1xx_HAL_Driver/Src/stm32f1xx_hal_tim.o
LOAD ./Drivers/STM32F1xx_HAL_Driver/Src/stm32f1xx_hal_tim_ex.o
START GROUP
LOAD c:/st/stm32cubeide_1.7.0/stm32cubeide/plugins/com.st.stm32cube.ide.mcu.externaltools.gnu-tools-for-stm32.9-2020-q2-update.win32_2.0.0.202105311346/tools/bin/../lib/gcc/arm-none-eabi/9.3.1/../../../../arm-none-eabi/lib/thumb/v7-m/nofp\libc_nano.a
LOAD c:/st/stm32cubeide_1.7.0/stm32cubeide/plugins/com.st.stm32cube.ide.mcu.externaltools.gnu-tools-for-stm32.9-2020-q2-update.win32_2.0.0.202105311346/tools/bin/../lib/gcc/arm-none-eabi/9.3.1/../../../../arm-none-eabi/lib/thumb/v7-m/nofp\libm.a
END GROUP
START GROUP
LOAD c:/st/stm32cubeide_1.7.0/stm32cubeide/plugins/com.st.stm32cube.ide.mcu.externaltools.gnu-tools-for-stm32.9-2020-q2-update.win32_2.0.0.202105311346/tools/bin/../lib/gcc/arm-none-eabi/9.3.1/thumb/v7-m/nofp\libgcc.a
LOAD c:/st/stm32cubeide_1.7.0/stm32cubeide/plugins/com.st.stm32cube.ide.mcu.externaltools.gnu-tools-for-stm32.9-2020-q2-update.win32_2.0.0.202105311346/tools/bin/../lib/gcc/arm-none-eabi/9.3.1/../../../../arm-none-eabi/lib/thumb/v7-m/nofp\libc_nano.a
END GROUP
START GROUP
LOAD c:/st/stm32cubeide_1.7.0/stm32cubeide/plugins/com.st.stm32cube.ide.mcu.externaltools.gnu-tools-for-stm32.9-2020-q2-update.win32_2.0.0.202105311346/tools/bin/../lib/gcc/arm-none-eabi/9.3.1/thumb/v7-m/nofp\libgcc.a
LOAD c:/st/stm32cubeide_1.7.0/stm32cubeide/plugins/com.st.stm32cube.ide.mcu.externaltools.gnu-tools-for-stm32.9-2020-q2-update.win32_2.0.0.202105311346/tools/bin/../lib/gcc/arm-none-eabi/9.3.1/../../../../arm-none-eabi/lib/thumb/v7-m/nofp\libc_nano.a
LOAD c:/st/stm32cubeide_1.7.0/stm32cubeide/plugins/com.st.stm32cube.ide.mcu.externaltools.gnu-tools-for-stm32.9-2020-q2-update.win32_2.0.0.202105311346/tools/bin/../lib/gcc/arm-none-eabi/9.3.1/../../../../arm-none-eabi/lib/thumb/v7-m/nofp\libnosys.a
END GROUP
START GROUP
LOAD c:/st/stm32cubeide_1.7.0/stm32cubeide/plugins/com.st.stm32cube.ide.mcu.externaltools.gnu-tools-for-stm32.9-2020-q2-update.win32_2.0.0.202105311346/tools/bin/../lib/gcc/arm-none-eabi/9.3.1/thumb/v7-m/nofp\libgcc.a
LOAD c:/st/stm32cubeide_1.7.0/stm32cubeide/plugins/com.st.stm32cube.ide.mcu.externaltools.gnu-tools-for-stm32.9-2020-q2-update.win32_2.0.0.202105311346/tools/bin/../lib/gcc/arm-none-eabi/9.3.1/../../../../arm-none-eabi/lib/thumb/v7-m/nofp\libc_nano.a
LOAD c:/st/stm32cubeide_1.7.0/stm32cubeide/plugins/com.st.stm32cube.ide.mcu.externaltools.gnu-tools-for-stm32.9-2020-q2-update.win32_2.0.0.202105311346/tools/bin/../lib/gcc/arm-none-eabi/9.3.1/../../../../arm-none-eabi/lib/thumb/v7-m/nofp\libnosys.a
END GROUP
LOAD c:/st/stm32cubeide_1.7.0/stm32cubeide/plugins/com.st.stm32cube.ide.mcu.externaltools.gnu-tools-for-stm32.9-2020-q2-update.win32_2.0.0.202105311346/tools/bin/../lib/gcc/arm-none-eabi/9.3.1/thumb/v7-m/nofp/crtend.o
LOAD c:/st/stm32cubeide_1.7.0/stm32cubeide/plugins/com.st.stm32cube.ide.mcu.externaltools.gnu-tools-for-stm32.9-2020-q2-update.win32_2.0.0.202105311346/tools/bin/../lib/gcc/arm-none-eabi/9.3.1/thumb/v7-m/nofp/crtn.o
                0x0000000020002800                _estack = (ORIGIN (RAM) + LENGTH (RAM))
                0x0000000000000200                _Min_Heap_Size = 0x200
                0x0000000000000400                _Min_Stack_Size = 0x400

.isr_vector     0x0000000008000000      0x10c
                0x0000000008000000                . = ALIGN (0x4)
 *(.isr_vector)
 .isr_vector    0x0000000008000000      0x10c ./Core/Startup/startup_stm32f103c6ux.o
                0x0000000008000000                g_pfnVectors
                0x000000000800010c                . = ALIGN (0x4)

.text           0x000000000800010c     0x2610
                0x000000000800010c                . = ALIGN (0x4)
 *(.text)
 .text          0x000000000800010c       0x40 c:/st/stm32cubeide_1.7.0/stm32cubeide/plugins/com.st.stm32cube.ide.mcu.externaltools.gnu-tools-for-stm32.9-2020-q2-update.win32_2.0.0.202105311346/tools/bin/../lib/gcc/arm-none-eabi/9.3.1/thumb/v7-m/nofp/crtbegin.o
 *(.text*)
 .text.updateClockBuffer
                0x000000000800014c       0x80 ./Core/Src/clock.o
                0x000000000800014c                updateClockBuffer
 .text.clock_run
                0x00000000080001cc       0x94 ./Core/Src/clock.o
                0x00000000080001cc                clock_run
 .text.update7SEG
                0x0000000008000260       0x64 ./Core/Src/control7seg_dot.o
                0x0000000008000260                update7SEG
 .text.control_7_seg
                0x00000000080002c4      0x104 ./Core/Src/control7seg_dot.o
                0x00000000080002c4                control_7_seg
 .text.control_dot
                0x00000000080003c8       0x74 ./Core/Src/control7seg_dot.o
                0x00000000080003c8                control_dot
 .text.controlLedMatrix
                0x000000000800043c       0xa0 ./Core/Src/control_led_matrix.o
                0x000000000800043c                controlLedMatrix
 .text.display7seg
                0x00000000080004dc      0x320 ./Core/Src/display7seg.o
                0x00000000080004dc                display7seg
 .text.seg1_on  0x00000000080007fc       0x18 ./Core/Src/display7seg.o
                0x00000000080007fc                seg1_on
 .text.seg2_on  0x0000000008000814       0x18 ./Core/Src/display7seg.o
                0x0000000008000814                seg2_on
 .text.seg3_on  0x000000000800082c       0x18 ./Core/Src/display7seg.o
                0x000000000800082c                seg3_on
 .text.seg4_on  0x0000000008000844       0x18 ./Core/Src/display7seg.o
                0x0000000008000844                seg4_on
 .text.seg1_off
                0x000000000800085c       0x18 ./Core/Src/display7seg.o
                0x000000000800085c                seg1_off
 .text.seg2_off
                0x0000000008000874       0x18 ./Core/Src/display7seg.o
                0x0000000008000874                seg2_off
 .text.seg3_off
                0x000000000800088c       0x18 ./Core/Src/display7seg.o
                0x000000000800088c                seg3_off
 .text.seg4_off
                0x00000000080008a4       0x18 ./Core/Src/display7seg.o
                0x00000000080008a4                seg4_off
 .text.dot_on   0x00000000080008bc       0x18 ./Core/Src/display_dot.o
                0x00000000080008bc                dot_on
 .text.dot_off  0x00000000080008d4       0x18 ./Core/Src/display_dot.o
                0x00000000080008d4                dot_off
 .text.writeByte
                0x00000000080008ec       0xc4 ./Core/Src/display_led_matrix.o
                0x00000000080008ec                writeByte
 .text.displayLedMatrix
                0x00000000080009b0      0x178 ./Core/Src/display_led_matrix.o
                0x00000000080009b0                displayLedMatrix
 .text.led_blinky
                0x0000000008000b28       0x5c ./Core/Src/led_blinky.o
                0x0000000008000b28                led_blinky
 .text.main     0x0000000008000b84       0x38 ./Core/Src/main.o
                0x0000000008000b84                main
 .text.SystemClock_Config
                0x0000000008000bbc       0x76 ./Core/Src/main.o
                0x0000000008000bbc                SystemClock_Config
 *fill*         0x0000000008000c32        0x2 
 .text.MX_TIM2_Init
                0x0000000008000c34       0x98 ./Core/Src/main.o
 .text.MX_GPIO_Init
                0x0000000008000ccc       0xac ./Core/Src/main.o
 .text.HAL_TIM_PeriodElapsedCallback
                0x0000000008000d78       0x14 ./Core/Src/main.o
                0x0000000008000d78                HAL_TIM_PeriodElapsedCallback
 .text.Error_Handler
                0x0000000008000d8c        0xa ./Core/Src/main.o
                0x0000000008000d8c                Error_Handler
 *fill*         0x0000000008000d96        0x2 
 .text.setTimer1
                0x0000000008000d98       0x28 ./Core/Src/software_timer.o
                0x0000000008000d98                setTimer1
 .text.setTimer2
                0x0000000008000dc0       0x28 ./Core/Src/software_timer.o
                0x0000000008000dc0                setTimer2
 .text.setTimer3
                0x0000000008000de8       0x28 ./Core/Src/software_timer.o
                0x0000000008000de8                setTimer3
 .text.setTimer4
                0x0000000008000e10       0x28 ./Core/Src/software_timer.o
                0x0000000008000e10                setTimer4
 .text.setTimer5
                0x0000000008000e38       0x28 ./Core/Src/software_timer.o
                0x0000000008000e38                setTimer5
 .text.setTimer6
                0x0000000008000e60       0x28 ./Core/Src/software_timer.o
                0x0000000008000e60                setTimer6
 .text.timerRun
                0x0000000008000e88       0xfc ./Core/Src/software_timer.o
                0x0000000008000e88                timerRun
 .text.HAL_MspInit
                0x0000000008000f84       0x64 ./Core/Src/stm32f1xx_hal_msp.o
                0x0000000008000f84                HAL_MspInit
 .text.HAL_TIM_Base_MspInit
                0x0000000008000fe8       0x48 ./Core/Src/stm32f1xx_hal_msp.o
                0x0000000008000fe8                HAL_TIM_Base_MspInit
 .text.NMI_Handler
                0x0000000008001030        0x6 ./Core/Src/stm32f1xx_it.o
                0x0000000008001030                NMI_Handler
 .text.HardFault_Handler
                0x0000000008001036        0x6 ./Core/Src/stm32f1xx_it.o
                0x0000000008001036                HardFault_Handler
 .text.MemManage_Handler
                0x000000000800103c        0x6 ./Core/Src/stm32f1xx_it.o
                0x000000000800103c                MemManage_Handler
 .text.BusFault_Handler
                0x0000000008001042        0x6 ./Core/Src/stm32f1xx_it.o
                0x0000000008001042                BusFault_Handler
 .text.UsageFault_Handler
                0x0000000008001048        0x6 ./Core/Src/stm32f1xx_it.o
                0x0000000008001048                UsageFault_Handler
 .text.SVC_Handler
                0x000000000800104e        0xc ./Core/Src/stm32f1xx_it.o
                0x000000000800104e                SVC_Handler
 .text.DebugMon_Handler
                0x000000000800105a        0xc ./Core/Src/stm32f1xx_it.o
                0x000000000800105a                DebugMon_Handler
 .text.PendSV_Handler
                0x0000000008001066        0xc ./Core/Src/stm32f1xx_it.o
                0x0000000008001066                PendSV_Handler
 .text.SysTick_Handler
                0x0000000008001072        0xc ./Core/Src/stm32f1xx_it.o
                0x0000000008001072                SysTick_Handler
 *fill*         0x000000000800107e        0x2 
 .text.TIM2_IRQHandler
                0x0000000008001080       0x14 ./Core/Src/stm32f1xx_it.o
                0x0000000008001080                TIM2_IRQHandler
 .text.SystemInit
                0x0000000008001094        0xc ./Core/Src/system_stm32f1xx.o
                0x0000000008001094                SystemInit
 .text.Reset_Handler
                0x00000000080010a0       0x48 ./Core/Startup/startup_stm32f103c6ux.o
                0x00000000080010a0                Reset_Handler
 .text.Default_Handler
                0x00000000080010e8        0x2 ./Core/Startup/startup_stm32f103c6ux.o
                0x00000000080010e8                RTC_Alarm_IRQHandler
                0x00000000080010e8                EXTI2_IRQHandler
                0x00000000080010e8                TIM1_CC_IRQHandler
                0x00000000080010e8                PVD_IRQHandler
                0x00000000080010e8                EXTI3_IRQHandler
                0x00000000080010e8                EXTI0_IRQHandler
                0x00000000080010e8                ADC1_2_IRQHandler
                0x00000000080010e8                SPI1_IRQHandler
                0x00000000080010e8                TAMPER_IRQHandler
                0x00000000080010e8                DMA1_Channel4_IRQHandler
                0x00000000080010e8                RTC_IRQHandler
                0x00000000080010e8                DMA1_Channel7_IRQHandler
                0x00000000080010e8                CAN1_RX1_IRQHandler
                0x00000000080010e8                I2C1_EV_IRQHandler
                0x00000000080010e8                DMA1_Channel6_IRQHandler
                0x00000000080010e8                TIM3_IRQHandler
                0x00000000080010e8                RCC_IRQHandler
                0x00000000080010e8                TIM1_TRG_COM_IRQHandler
                0x00000000080010e8                DMA1_Channel1_IRQHandler
                0x00000000080010e8                Default_Handler
                0x00000000080010e8                EXTI15_10_IRQHandler
                0x00000000080010e8                EXTI9_5_IRQHandler
                0x00000000080010e8                DMA1_Channel5_IRQHandler
                0x00000000080010e8                EXTI4_IRQHandler
                0x00000000080010e8                USB_LP_CAN1_RX0_IRQHandler
                0x00000000080010e8                USB_HP_CAN1_TX_IRQHandler
                0x00000000080010e8                DMA1_Channel3_IRQHandler
                0x00000000080010e8                TIM1_UP_IRQHandler
                0x00000000080010e8                WWDG_IRQHandler
                0x00000000080010e8                TIM1_BRK_IRQHandler
                0x00000000080010e8                EXTI1_IRQHandler
                0x00000000080010e8                USART2_IRQHandler
                0x00000000080010e8                DMA1_Channel2_IRQHandler
                0x00000000080010e8                CAN1_SCE_IRQHandler
                0x00000000080010e8                FLASH_IRQHandler
                0x00000000080010e8                USART1_IRQHandler
                0x00000000080010e8                I2C1_ER_IRQHandler
                0x00000000080010e8                USBWakeUp_IRQHandler
 *fill*         0x00000000080010ea        0x2 
 .text.HAL_Init
                0x00000000080010ec       0x2c ./Drivers/STM32F1xx_HAL_Driver/Src/stm32f1xx_hal.o
                0x00000000080010ec                HAL_Init
 .text.HAL_InitTick
                0x0000000008001118       0x60 ./Drivers/STM32F1xx_HAL_Driver/Src/stm32f1xx_hal.o
                0x0000000008001118                HAL_InitTick
 .text.HAL_IncTick
                0x0000000008001178       0x24 ./Drivers/STM32F1xx_HAL_Driver/Src/stm32f1xx_hal.o
                0x0000000008001178                HAL_IncTick
 .text.HAL_GetTick
                0x000000000800119c       0x14 ./Drivers/STM32F1xx_HAL_Driver/Src/stm32f1xx_hal.o
                0x000000000800119c                HAL_GetTick
 .text.__NVIC_SetPriorityGrouping
                0x00000000080011b0       0x48 ./Drivers/STM32F1xx_HAL_Driver/Src/stm32f1xx_hal_cortex.o
 .text.__NVIC_GetPriorityGrouping
                0x00000000080011f8       0x1c ./Drivers/STM32F1xx_HAL_Driver/Src/stm32f1xx_hal_cortex.o
 .text.__NVIC_EnableIRQ
                0x0000000008001214       0x38 ./Drivers/STM32F1xx_HAL_Driver/Src/stm32f1xx_hal_cortex.o
 .text.__NVIC_SetPriority
                0x000000000800124c       0x54 ./Drivers/STM32F1xx_HAL_Driver/Src/stm32f1xx_hal_cortex.o
 .text.NVIC_EncodePriority
                0x00000000080012a0       0x64 ./Drivers/STM32F1xx_HAL_Driver/Src/stm32f1xx_hal_cortex.o
 .text.SysTick_Config
                0x0000000008001304       0x44 ./Drivers/STM32F1xx_HAL_Driver/Src/stm32f1xx_hal_cortex.o
 .text.HAL_NVIC_SetPriorityGrouping
                0x0000000008001348       0x16 ./Drivers/STM32F1xx_HAL_Driver/Src/stm32f1xx_hal_cortex.o
                0x0000000008001348                HAL_NVIC_SetPriorityGrouping
 .text.HAL_NVIC_SetPriority
                0x000000000800135e       0x38 ./Drivers/STM32F1xx_HAL_Driver/Src/stm32f1xx_hal_cortex.o
                0x000000000800135e                HAL_NVIC_SetPriority
 .text.HAL_NVIC_EnableIRQ
                0x0000000008001396       0x1c ./Drivers/STM32F1xx_HAL_Driver/Src/stm32f1xx_hal_cortex.o
                0x0000000008001396                HAL_NVIC_EnableIRQ
 .text.HAL_SYSTICK_Config
                0x00000000080013b2       0x18 ./Drivers/STM32F1xx_HAL_Driver/Src/stm32f1xx_hal_cortex.o
                0x00000000080013b2                HAL_SYSTICK_Config
 *fill*         0x00000000080013ca        0x2 
 .text.HAL_GPIO_Init
                0x00000000080013cc      0x2f4 ./Drivers/STM32F1xx_HAL_Driver/Src/stm32f1xx_hal_gpio.o
                0x00000000080013cc                HAL_GPIO_Init
 .text.HAL_GPIO_WritePin
                0x00000000080016c0       0x30 ./Drivers/STM32F1xx_HAL_Driver/Src/stm32f1xx_hal_gpio.o
                0x00000000080016c0                HAL_GPIO_WritePin
 .text.HAL_GPIO_TogglePin
                0x00000000080016f0       0x32 ./Drivers/STM32F1xx_HAL_Driver/Src/stm32f1xx_hal_gpio.o
                0x00000000080016f0                HAL_GPIO_TogglePin
 *fill*         0x0000000008001722        0x2 
 .text.HAL_RCC_OscConfig
                0x0000000008001724      0x500 ./Drivers/STM32F1xx_HAL_Driver/Src/stm32f1xx_hal_rcc.o
                0x0000000008001724                HAL_RCC_OscConfig
 .text.HAL_RCC_ClockConfig
                0x0000000008001c24      0x1d4 ./Drivers/STM32F1xx_HAL_Driver/Src/stm32f1xx_hal_rcc.o
                0x0000000008001c24                HAL_RCC_ClockConfig
 .text.HAL_RCC_GetSysClockFreq
                0x0000000008001df8       0xa8 ./Drivers/STM32F1xx_HAL_Driver/Src/stm32f1xx_hal_rcc.o
                0x0000000008001df8                HAL_RCC_GetSysClockFreq
 .text.RCC_Delay
                0x0000000008001ea0       0x3c ./Drivers/STM32F1xx_HAL_Driver/Src/stm32f1xx_hal_rcc.o
 .text.HAL_TIM_Base_Init
                0x0000000008001edc       0x9e ./Drivers/STM32F1xx_HAL_Driver/Src/stm32f1xx_hal_tim.o
                0x0000000008001edc                HAL_TIM_Base_Init
 *fill*         0x0000000008001f7a        0x2 
 .text.HAL_TIM_Base_Start_IT
                0x0000000008001f7c       0x98 ./Drivers/STM32F1xx_HAL_Driver/Src/stm32f1xx_hal_tim.o
                0x0000000008001f7c                HAL_TIM_Base_Start_IT
 .text.HAL_TIM_IRQHandler
                0x0000000008002014      0x210 ./Drivers/STM32F1xx_HAL_Driver/Src/stm32f1xx_hal_tim.o
                0x0000000008002014                HAL_TIM_IRQHandler
 .text.HAL_TIM_ConfigClockSource
                0x0000000008002224      0x18e ./Drivers/STM32F1xx_HAL_Driver/Src/stm32f1xx_hal_tim.o
                0x0000000008002224                HAL_TIM_ConfigClockSource
 .text.HAL_TIM_OC_DelayElapsedCallback
                0x00000000080023b2       0x12 ./Drivers/STM32F1xx_HAL_Driver/Src/stm32f1xx_hal_tim.o
                0x00000000080023b2                HAL_TIM_OC_DelayElapsedCallback
 .text.HAL_TIM_IC_CaptureCallback
                0x00000000080023c4       0x12 ./Drivers/STM32F1xx_HAL_Driver/Src/stm32f1xx_hal_tim.o
                0x00000000080023c4                HAL_TIM_IC_CaptureCallback
 .text.HAL_TIM_PWM_PulseFinishedCallback
                0x00000000080023d6       0x12 ./Drivers/STM32F1xx_HAL_Driver/Src/stm32f1xx_hal_tim.o
                0x00000000080023d6                HAL_TIM_PWM_PulseFinishedCallback
 .text.HAL_TIM_TriggerCallback
                0x00000000080023e8       0x12 ./Drivers/STM32F1xx_HAL_Driver/Src/stm32f1xx_hal_tim.o
                0x00000000080023e8                HAL_TIM_TriggerCallback
 *fill*         0x00000000080023fa        0x2 
 .text.TIM_Base_SetConfig
                0x00000000080023fc       0xb0 ./Drivers/STM32F1xx_HAL_Driver/Src/stm32f1xx_hal_tim.o
                0x00000000080023fc                TIM_Base_SetConfig
 .text.TIM_TI1_ConfigInputStage
                0x00000000080024ac       0x5c ./Drivers/STM32F1xx_HAL_Driver/Src/stm32f1xx_hal_tim.o
 .text.TIM_TI2_ConfigInputStage
                0x0000000008002508       0x5e ./Drivers/STM32F1xx_HAL_Driver/Src/stm32f1xx_hal_tim.o
 .text.TIM_ITRx_SetConfig
                0x0000000008002566       0x34 ./Drivers/STM32F1xx_HAL_Driver/Src/stm32f1xx_hal_tim.o
 .text.TIM_ETR_SetConfig
                0x000000000800259a       0x3e ./Drivers/STM32F1xx_HAL_Driver/Src/stm32f1xx_hal_tim.o
                0x000000000800259a                TIM_ETR_SetConfig
 .text.HAL_TIMEx_MasterConfigSynchronization
                0x00000000080025d8       0xb0 ./Drivers/STM32F1xx_HAL_Driver/Src/stm32f1xx_hal_tim_ex.o
                0x00000000080025d8                HAL_TIMEx_MasterConfigSynchronization
 .text.HAL_TIMEx_CommutCallback
                0x0000000008002688       0x12 ./Drivers/STM32F1xx_HAL_Driver/Src/stm32f1xx_hal_tim_ex.o
                0x0000000008002688                HAL_TIMEx_CommutCallback
 .text.HAL_TIMEx_BreakCallback
                0x000000000800269a       0x12 ./Drivers/STM32F1xx_HAL_Driver/Src/stm32f1xx_hal_tim_ex.o
                0x000000000800269a                HAL_TIMEx_BreakCallback
 .text.__libc_init_array
                0x00000000080026ac       0x48 c:/st/stm32cubeide_1.7.0/stm32cubeide/plugins/com.st.stm32cube.ide.mcu.externaltools.gnu-tools-for-stm32.9-2020-q2-update.win32_2.0.0.202105311346/tools/bin/../lib/gcc/arm-none-eabi/9.3.1/../../../../arm-none-eabi/lib/thumb/v7-m/nofp\libc_nano.a(lib_a-init.o)
                0x00000000080026ac                __libc_init_array
 .text.memset   0x00000000080026f4       0x10 c:/st/stm32cubeide_1.7.0/stm32cubeide/plugins/com.st.stm32cube.ide.mcu.externaltools.gnu-tools-for-stm32.9-2020-q2-update.win32_2.0.0.202105311346/tools/bin/../lib/gcc/arm-none-eabi/9.3.1/../../../../arm-none-eabi/lib/thumb/v7-m/nofp\libc_nano.a(lib_a-memset.o)
                0x00000000080026f4                memset
 *(.glue_7)
 .glue_7        0x0000000008002704        0x0 linker stubs
 *(.glue_7t)
 .glue_7t       0x0000000008002704        0x0 linker stubs
 *(.eh_frame)
 .eh_frame      0x0000000008002704        0x0 c:/st/stm32cubeide_1.7.0/stm32cubeide/plugins/com.st.stm32cube.ide.mcu.externaltools.gnu-tools-for-stm32.9-2020-q2-update.win32_2.0.0.202105311346/tools/bin/../lib/gcc/arm-none-eabi/9.3.1/thumb/v7-m/nofp/crtbegin.o
 *(.init)
 .init          0x0000000008002704        0x4 c:/st/stm32cubeide_1.7.0/stm32cubeide/plugins/com.st.stm32cube.ide.mcu.externaltools.gnu-tools-for-stm32.9-2020-q2-update.win32_2.0.0.202105311346/tools/bin/../lib/gcc/arm-none-eabi/9.3.1/thumb/v7-m/nofp/crti.o
                0x0000000008002704                _init
 .init          0x0000000008002708        0x8 c:/st/stm32cubeide_1.7.0/stm32cubeide/plugins/com.st.stm32cube.ide.mcu.externaltools.gnu-tools-for-stm32.9-2020-q2-update.win32_2.0.0.202105311346/tools/bin/../lib/gcc/arm-none-eabi/9.3.1/thumb/v7-m/nofp/crtn.o
 *(.fini)
 .fini          0x0000000008002710        0x4 c:/st/stm32cubeide_1.7.0/stm32cubeide/plugins/com.st.stm32cube.ide.mcu.externaltools.gnu-tools-for-stm32.9-2020-q2-update.win32_2.0.0.202105311346/tools/bin/../lib/gcc/arm-none-eabi/9.3.1/thumb/v7-m/nofp/crti.o
                0x0000000008002710                _fini
 .fini          0x0000000008002714        0x8 c:/st/stm32cubeide_1.7.0/stm32cubeide/plugins/com.st.stm32cube.ide.mcu.externaltools.gnu-tools-for-stm32.9-2020-q2-update.win32_2.0.0.202105311346/tools/bin/../lib/gcc/arm-none-eabi/9.3.1/thumb/v7-m/nofp/crtn.o
                0x000000000800271c                . = ALIGN (0x4)
                0x000000000800271c                _etext = .

.vfp11_veneer   0x000000000800271c        0x0
 .vfp11_veneer  0x000000000800271c        0x0 linker stubs

.v4_bx          0x000000000800271c        0x0
 .v4_bx         0x000000000800271c        0x0 linker stubs

.iplt           0x000000000800271c        0x0
 .iplt          0x000000000800271c        0x0 c:/st/stm32cubeide_1.7.0/stm32cubeide/plugins/com.st.stm32cube.ide.mcu.externaltools.gnu-tools-for-stm32.9-2020-q2-update.win32_2.0.0.202105311346/tools/bin/../lib/gcc/arm-none-eabi/9.3.1/thumb/v7-m/nofp/crtbegin.o

.rodata         0x000000000800271c       0x24
                0x000000000800271c                . = ALIGN (0x4)
 *(.rodata)
 *(.rodata*)
 .rodata.AHBPrescTable
                0x000000000800271c       0x10 ./Core/Src/system_stm32f1xx.o
                0x000000000800271c                AHBPrescTable
 .rodata.aPLLMULFactorTable.6032
                0x000000000800272c       0x10 ./Drivers/STM32F1xx_HAL_Driver/Src/stm32f1xx_hal_rcc.o
 .rodata.aPredivFactorTable.6033
                0x000000000800273c        0x2 ./Drivers/STM32F1xx_HAL_Driver/Src/stm32f1xx_hal_rcc.o
                0x0000000008002740                . = ALIGN (0x4)
 *fill*         0x000000000800273e        0x2 

.rel.dyn        0x0000000008002740        0x0
 .rel.iplt      0x0000000008002740        0x0 c:/st/stm32cubeide_1.7.0/stm32cubeide/plugins/com.st.stm32cube.ide.mcu.externaltools.gnu-tools-for-stm32.9-2020-q2-update.win32_2.0.0.202105311346/tools/bin/../lib/gcc/arm-none-eabi/9.3.1/thumb/v7-m/nofp/crtbegin.o

.ARM.extab      0x0000000008002740        0x0
                0x0000000008002740                . = ALIGN (0x4)
 *(.ARM.extab* .gnu.linkonce.armextab.*)
                0x0000000008002740                . = ALIGN (0x4)

.ARM            0x0000000008002740        0x0
                0x0000000008002740                . = ALIGN (0x4)
                0x0000000008002740                __exidx_start = .
 *(.ARM.exidx*)
                0x0000000008002740                __exidx_end = .
                0x0000000008002740                . = ALIGN (0x4)

.preinit_array  0x0000000008002740        0x0
                0x0000000008002740                . = ALIGN (0x4)
                0x0000000008002740                PROVIDE (__preinit_array_start = .)
 *(.preinit_array*)
                0x0000000008002740                PROVIDE (__preinit_array_end = .)
                0x0000000008002740                . = ALIGN (0x4)

.init_array     0x0000000008002740        0x4
                0x0000000008002740                . = ALIGN (0x4)
                0x0000000008002740                PROVIDE (__init_array_start = .)
 *(SORT_BY_NAME(.init_array.*))
 *(.init_array*)
 .init_array    0x0000000008002740        0x4 c:/st/stm32cubeide_1.7.0/stm32cubeide/plugins/com.st.stm32cube.ide.mcu.externaltools.gnu-tools-for-stm32.9-2020-q2-update.win32_2.0.0.202105311346/tools/bin/../lib/gcc/arm-none-eabi/9.3.1/thumb/v7-m/nofp/crtbegin.o
                0x0000000008002744                PROVIDE (__init_array_end = .)
                0x0000000008002744                . = ALIGN (0x4)

.fini_array     0x0000000008002744        0x4
                0x0000000008002744                . = ALIGN (0x4)
                [!provide]                        PROVIDE (__fini_array_start = .)
 *(SORT_BY_NAME(.fini_array.*))
 *(.fini_array*)
 .fini_array    0x0000000008002744        0x4 c:/st/stm32cubeide_1.7.0/stm32cubeide/plugins/com.st.stm32cube.ide.mcu.externaltools.gnu-tools-for-stm32.9-2020-q2-update.win32_2.0.0.202105311346/tools/bin/../lib/gcc/arm-none-eabi/9.3.1/thumb/v7-m/nofp/crtbegin.o
                [!provide]                        PROVIDE (__fini_array_end = .)
                0x0000000008002748                . = ALIGN (0x4)
                0x0000000008002748                _sidata = LOADADDR (.data)

.data           0x0000000020000000       0xe0 load address 0x0000000008002748
                0x0000000020000000                . = ALIGN (0x4)
                0x0000000020000000                _sdata = .
 *(.data)
 *(.data*)
 .data.led_buffer
                0x0000000020000000       0x10 ./Core/Src/control7seg_dot.o
                0x0000000020000000                led_buffer
 .data.trans    0x0000000020000010        0x4 ./Core/Src/control_led_matrix.o
                0x0000000020000010                trans
 .data.cot      0x0000000020000014       0x10 ./Core/Src/display_led_matrix.o
                0x0000000020000014                cot
 .data.hang     0x0000000020000024       0x10 ./Core/Src/display_led_matrix.o
                0x0000000020000024                hang
 .data.matrix_buffer
                0x0000000020000034       0x80 ./Core/Src/display_led_matrix.o
                0x0000000020000034                matrix_buffer
 .data.status_seg
                0x00000000200000b4        0x4 ./Core/Src/global.o
                0x00000000200000b4                status_seg
 .data.status_dot
                0x00000000200000b8        0x4 ./Core/Src/global.o
                0x00000000200000b8                status_dot
 .data.status_led
                0x00000000200000bc        0x4 ./Core/Src/global.o
                0x00000000200000bc                status_led
 .data.status_clock
                0x00000000200000c0        0x4 ./Core/Src/global.o
                0x00000000200000c0                status_clock
 .data.status_matrix
                0x00000000200000c4        0x4 ./Core/Src/global.o
                0x00000000200000c4                status_matrix
 .data.hour     0x00000000200000c8        0x4 ./Core/Src/global.o
                0x00000000200000c8                hour
 .data.minute   0x00000000200000cc        0x4 ./Core/Src/global.o
                0x00000000200000cc                minute
 .data.second   0x00000000200000d0        0x4 ./Core/Src/global.o
                0x00000000200000d0                second
 .data.SystemCoreClock
                0x00000000200000d4        0x4 ./Core/Src/system_stm32f1xx.o
                0x00000000200000d4                SystemCoreClock
 .data.uwTickPrio
                0x00000000200000d8        0x4 ./Drivers/STM32F1xx_HAL_Driver/Src/stm32f1xx_hal.o
                0x00000000200000d8                uwTickPrio
 .data.uwTickFreq
                0x00000000200000dc        0x1 ./Drivers/STM32F1xx_HAL_Driver/Src/stm32f1xx_hal.o
                0x00000000200000dc                uwTickFreq
 *(.RamFunc)
 *(.RamFunc*)
                0x00000000200000e0                . = ALIGN (0x4)
 *fill*         0x00000000200000dd        0x3 
                0x00000000200000e0                _edata = .

.igot.plt       0x00000000200000e0        0x0 load address 0x0000000008002828
 .igot.plt      0x00000000200000e0        0x0 c:/st/stm32cubeide_1.7.0/stm32cubeide/plugins/com.st.stm32cube.ide.mcu.externaltools.gnu-tools-for-stm32.9-2020-q2-update.win32_2.0.0.202105311346/tools/bin/../lib/gcc/arm-none-eabi/9.3.1/thumb/v7-m/nofp/crtbegin.o
                0x00000000200000e0                . = ALIGN (0x4)

.bss            0x00000000200000e0       0x9c load address 0x0000000008002828
                0x00000000200000e0                _sbss = .
                0x00000000200000e0                __bss_start__ = _sbss
 *(.bss)
 .bss           0x00000000200000e0       0x1c c:/st/stm32cubeide_1.7.0/stm32cubeide/plugins/com.st.stm32cube.ide.mcu.externaltools.gnu-tools-for-stm32.9-2020-q2-update.win32_2.0.0.202105311346/tools/bin/../lib/gcc/arm-none-eabi/9.3.1/thumb/v7-m/nofp/crtbegin.o
 *(.bss*)
 .bss.index_led
                0x00000000200000fc        0x4 ./Core/Src/control_led_matrix.o
                0x00000000200000fc                index_led
 .bss.timer1_counter
                0x0000000020000100        0x4 ./Core/Src/software_timer.o
                0x0000000020000100                timer1_counter
 .bss.timer1_flag
                0x0000000020000104        0x4 ./Core/Src/software_timer.o
                0x0000000020000104                timer1_flag
 .bss.timer2_counter
                0x0000000020000108        0x4 ./Core/Src/software_timer.o
                0x0000000020000108                timer2_counter
 .bss.timer2_flag
                0x000000002000010c        0x4 ./Core/Src/software_timer.o
                0x000000002000010c                timer2_flag
 .bss.timer3_counter
                0x0000000020000110        0x4 ./Core/Src/software_timer.o
                0x0000000020000110                timer3_counter
 .bss.timer3_flag
                0x0000000020000114        0x4 ./Core/Src/software_timer.o
                0x0000000020000114                timer3_flag
 .bss.timer4_counter
                0x0000000020000118        0x4 ./Core/Src/software_timer.o
                0x0000000020000118                timer4_counter
 .bss.timer4_flag
                0x000000002000011c        0x4 ./Core/Src/software_timer.o
                0x000000002000011c                timer4_flag
 .bss.timer5_counter
                0x0000000020000120        0x4 ./Core/Src/software_timer.o
                0x0000000020000120                timer5_counter
 .bss.timer5_flag
                0x0000000020000124        0x4 ./Core/Src/software_timer.o
                0x0000000020000124                timer5_flag
 .bss.timer6_counter
                0x0000000020000128        0x4 ./Core/Src/software_timer.o
                0x0000000020000128                timer6_counter
 .bss.timer6_flag
                0x000000002000012c        0x4 ./Core/Src/software_timer.o
                0x000000002000012c                timer6_flag
 *(COMMON)
 COMMON         0x0000000020000130       0x48 ./Core/Src/main.o
                0x0000000020000130                htim2
 COMMON         0x0000000020000178        0x4 ./Drivers/STM32F1xx_HAL_Driver/Src/stm32f1xx_hal.o
                0x0000000020000178                uwTick
                0x000000002000017c                . = ALIGN (0x4)
                0x000000002000017c                _ebss = .
                0x000000002000017c                __bss_end__ = _ebss

._user_heap_stack
                0x000000002000017c      0x604 load address 0x0000000008002828
                0x0000000020000180                . = ALIGN (0x8)
 *fill*         0x000000002000017c        0x4 
                [!provide]                        PROVIDE (end = .)
                0x0000000020000180                PROVIDE (_end = .)
                0x0000000020000380                . = (. + _Min_Heap_Size)
 *fill*         0x0000000020000180      0x200 
                0x0000000020000780                . = (. + _Min_Stack_Size)
 *fill*         0x0000000020000380      0x400 
                0x0000000020000780                . = ALIGN (0x8)

/DISCARD/
 libc.a(*)
 libm.a(*)
 libgcc.a(*)

.ARM.attributes
                0x0000000000000000       0x29
 *(.ARM.attributes)
 .ARM.attributes
                0x0000000000000000       0x1d c:/st/stm32cubeide_1.7.0/stm32cubeide/plugins/com.st.stm32cube.ide.mcu.externaltools.gnu-tools-for-stm32.9-2020-q2-update.win32_2.0.0.202105311346/tools/bin/../lib/gcc/arm-none-eabi/9.3.1/thumb/v7-m/nofp/crti.o
 .ARM.attributes
                0x000000000000001d       0x2d c:/st/stm32cubeide_1.7.0/stm32cubeide/plugins/com.st.stm32cube.ide.mcu.externaltools.gnu-tools-for-stm32.9-2020-q2-update.win32_2.0.0.202105311346/tools/bin/../lib/gcc/arm-none-eabi/9.3.1/thumb/v7-m/nofp/crtbegin.o
 .ARM.attributes
                0x000000000000004a       0x2d ./Core/Src/clock.o
 .ARM.attributes
                0x0000000000000077       0x2d ./Core/Src/control7seg_dot.o
 .ARM.attributes
                0x00000000000000a4       0x2d ./Core/Src/control_led_matrix.o
 .ARM.attributes
                0x00000000000000d1       0x2d ./Core/Src/display7seg.o
 .ARM.attributes
                0x00000000000000fe       0x2d ./Core/Src/display_dot.o
 .ARM.attributes
                0x000000000000012b       0x2d ./Core/Src/display_led_matrix.o
 .ARM.attributes
                0x0000000000000158       0x33 ./Core/Src/global.o
 .ARM.attributes
                0x000000000000018b       0x2d ./Core/Src/led_blinky.o
 .ARM.attributes
                0x00000000000001b8       0x2d ./Core/Src/main.o
 .ARM.attributes
                0x00000000000001e5       0x2d ./Core/Src/software_timer.o
 .ARM.attributes
                0x0000000000000212       0x2d ./Core/Src/stm32f1xx_hal_msp.o
 .ARM.attributes
                0x000000000000023f       0x2d ./Core/Src/stm32f1xx_it.o
 .ARM.attributes
                0x000000000000026c       0x2d ./Core/Src/system_stm32f1xx.o
 .ARM.attributes
                0x0000000000000299       0x21 ./Core/Startup/startup_stm32f103c6ux.o
 .ARM.attributes
                0x00000000000002ba       0x2d ./Drivers/STM32F1xx_HAL_Driver/Src/stm32f1xx_hal.o
 .ARM.attributes
                0x00000000000002e7       0x2d ./Drivers/STM32F1xx_HAL_Driver/Src/stm32f1xx_hal_cortex.o
 .ARM.attributes
                0x0000000000000314       0x2d ./Drivers/STM32F1xx_HAL_Driver/Src/stm32f1xx_hal_gpio.o
 .ARM.attributes
                0x0000000000000341       0x2d ./Drivers/STM32F1xx_HAL_Driver/Src/stm32f1xx_hal_rcc.o
 .ARM.attributes
                0x000000000000036e       0x2d ./Drivers/STM32F1xx_HAL_Driver/Src/stm32f1xx_hal_tim.o
 .ARM.attributes
                0x000000000000039b       0x2d ./Drivers/STM32F1xx_HAL_Driver/Src/stm32f1xx_hal_tim_ex.o
 .ARM.attributes
                0x00000000000003c8       0x2d c:/st/stm32cubeide_1.7.0/stm32cubeide/plugins/com.st.stm32cube.ide.mcu.externaltools.gnu-tools-for-stm32.9-2020-q2-update.win32_2.0.0.202105311346/tools/bin/../lib/gcc/arm-none-eabi/9.3.1/../../../../arm-none-eabi/lib/thumb/v7-m/nofp\libc_nano.a(lib_a-init.o)
 .ARM.attributes
                0x00000000000003f5       0x2d c:/st/stm32cubeide_1.7.0/stm32cubeide/plugins/com.st.stm32cube.ide.mcu.externaltools.gnu-tools-for-stm32.9-2020-q2-update.win32_2.0.0.202105311346/tools/bin/../lib/gcc/arm-none-eabi/9.3.1/../../../../arm-none-eabi/lib/thumb/v7-m/nofp\libc_nano.a(lib_a-memset.o)
 .ARM.attributes
                0x0000000000000422       0x1d c:/st/stm32cubeide_1.7.0/stm32cubeide/plugins/com.st.stm32cube.ide.mcu.externaltools.gnu-tools-for-stm32.9-2020-q2-update.win32_2.0.0.202105311346/tools/bin/../lib/gcc/arm-none-eabi/9.3.1/thumb/v7-m/nofp/crtn.o
OUTPUT(LAB2.elf elf32-littlearm)
LOAD linker stubs
LOAD c:/st/stm32cubeide_1.7.0/stm32cubeide/plugins/com.st.stm32cube.ide.mcu.externaltools.gnu-tools-for-stm32.9-2020-q2-update.win32_2.0.0.202105311346/tools/bin/../lib/gcc/arm-none-eabi/9.3.1/../../../../arm-none-eabi/lib/thumb/v7-m/nofp\libc.a
LOAD c:/st/stm32cubeide_1.7.0/stm32cubeide/plugins/com.st.stm32cube.ide.mcu.externaltools.gnu-tools-for-stm32.9-2020-q2-update.win32_2.0.0.202105311346/tools/bin/../lib/gcc/arm-none-eabi/9.3.1/../../../../arm-none-eabi/lib/thumb/v7-m/nofp\libm.a
LOAD c:/st/stm32cubeide_1.7.0/stm32cubeide/plugins/com.st.stm32cube.ide.mcu.externaltools.gnu-tools-for-stm32.9-2020-q2-update.win32_2.0.0.202105311346/tools/bin/../lib/gcc/arm-none-eabi/9.3.1/thumb/v7-m/nofp\libgcc.a

.debug_info     0x0000000000000000     0x98b4
 .debug_info    0x0000000000000000      0x120 ./Core/Src/clock.o
 .debug_info    0x0000000000000120      0x15f ./Core/Src/control7seg_dot.o
 .debug_info    0x000000000000027f      0x25e ./Core/Src/control_led_matrix.o
 .debug_info    0x00000000000004dd      0x2df ./Core/Src/display7seg.o
 .debug_info    0x00000000000007bc      0x251 ./Core/Src/display_dot.o
 .debug_info    0x0000000000000a0d      0x364 ./Core/Src/display_led_matrix.o
 .debug_info    0x0000000000000d71       0xf9 ./Core/Src/global.o
 .debug_info    0x0000000000000e6a      0x2f7 ./Core/Src/led_blinky.o
 .debug_info    0x0000000000001161      0xc58 ./Core/Src/main.o
 .debug_info    0x0000000000001db9      0x22a ./Core/Src/software_timer.o
 .debug_info    0x0000000000001fe3      0xa09 ./Core/Src/stm32f1xx_hal_msp.o
 .debug_info    0x00000000000029ec      0x7b9 ./Core/Src/stm32f1xx_it.o
 .debug_info    0x00000000000031a5      0x2be ./Core/Src/system_stm32f1xx.o
 .debug_info    0x0000000000003463       0x22 ./Core/Startup/startup_stm32f103c6ux.o
 .debug_info    0x0000000000003485      0x74c ./Drivers/STM32F1xx_HAL_Driver/Src/stm32f1xx_hal.o
 .debug_info    0x0000000000003bd1      0xbbe ./Drivers/STM32F1xx_HAL_Driver/Src/stm32f1xx_hal_cortex.o
 .debug_info    0x000000000000478f      0x701 ./Drivers/STM32F1xx_HAL_Driver/Src/stm32f1xx_hal_gpio.o
 .debug_info    0x0000000000004e90      0x893 ./Drivers/STM32F1xx_HAL_Driver/Src/stm32f1xx_hal_rcc.o
 .debug_info    0x0000000000005723     0x2c12 ./Drivers/STM32F1xx_HAL_Driver/Src/stm32f1xx_hal_tim.o
 .debug_info    0x0000000000008335     0x157f ./Drivers/STM32F1xx_HAL_Driver/Src/stm32f1xx_hal_tim_ex.o

.debug_abbrev   0x0000000000000000     0x1c4a
 .debug_abbrev  0x0000000000000000       0x82 ./Core/Src/clock.o
 .debug_abbrev  0x0000000000000082       0xaf ./Core/Src/control7seg_dot.o
 .debug_abbrev  0x0000000000000131       0xc9 ./Core/Src/control_led_matrix.o
 .debug_abbrev  0x00000000000001fa      0x12a ./Core/Src/display7seg.o
 .debug_abbrev  0x0000000000000324       0xff ./Core/Src/display_dot.o
 .debug_abbrev  0x0000000000000423      0x13a ./Core/Src/display_led_matrix.o
 .debug_abbrev  0x000000000000055d       0x40 ./Core/Src/global.o
 .debug_abbrev  0x000000000000059d      0x112 ./Core/Src/led_blinky.o
 .debug_abbrev  0x00000000000006af      0x22c ./Core/Src/main.o
 .debug_abbrev  0x00000000000008db       0xc3 ./Core/Src/software_timer.o
 .debug_abbrev  0x000000000000099e      0x1b7 ./Core/Src/stm32f1xx_hal_msp.o
 .debug_abbrev  0x0000000000000b55      0x176 ./Core/Src/stm32f1xx_it.o
 .debug_abbrev  0x0000000000000ccb      0x14e ./Core/Src/system_stm32f1xx.o
 .debug_abbrev  0x0000000000000e19       0x12 ./Core/Startup/startup_stm32f103c6ux.o
 .debug_abbrev  0x0000000000000e2b      0x1ed ./Drivers/STM32F1xx_HAL_Driver/Src/stm32f1xx_hal.o
 .debug_abbrev  0x0000000000001018      0x313 ./Drivers/STM32F1xx_HAL_Driver/Src/stm32f1xx_hal_cortex.o
 .debug_abbrev  0x000000000000132b      0x1e8 ./Drivers/STM32F1xx_HAL_Driver/Src/stm32f1xx_hal_gpio.o
 .debug_abbrev  0x0000000000001513      0x273 ./Drivers/STM32F1xx_HAL_Driver/Src/stm32f1xx_hal_rcc.o
 .debug_abbrev  0x0000000000001786      0x25e ./Drivers/STM32F1xx_HAL_Driver/Src/stm32f1xx_hal_tim.o
 .debug_abbrev  0x00000000000019e4      0x266 ./Drivers/STM32F1xx_HAL_Driver/Src/stm32f1xx_hal_tim_ex.o

.debug_aranges  0x0000000000000000      0xae0
 .debug_aranges
                0x0000000000000000       0x28 ./Core/Src/clock.o
 .debug_aranges
                0x0000000000000028       0x30 ./Core/Src/control7seg_dot.o
 .debug_aranges
                0x0000000000000058       0x20 ./Core/Src/control_led_matrix.o
 .debug_aranges
                0x0000000000000078       0x60 ./Core/Src/display7seg.o
 .debug_aranges
                0x00000000000000d8       0x28 ./Core/Src/display_dot.o
 .debug_aranges
                0x0000000000000100       0x28 ./Core/Src/display_led_matrix.o
 .debug_aranges
                0x0000000000000128       0x18 ./Core/Src/global.o
 .debug_aranges
                0x0000000000000140       0x20 ./Core/Src/led_blinky.o
 .debug_aranges
                0x0000000000000160       0x48 ./Core/Src/main.o
 .debug_aranges
                0x00000000000001a8       0x50 ./Core/Src/software_timer.o
 .debug_aranges
                0x00000000000001f8       0x30 ./Core/Src/stm32f1xx_hal_msp.o
 .debug_aranges
                0x0000000000000228       0x68 ./Core/Src/stm32f1xx_it.o
 .debug_aranges
                0x0000000000000290       0x28 ./Core/Src/system_stm32f1xx.o
 .debug_aranges
                0x00000000000002b8       0x28 ./Core/Startup/startup_stm32f103c6ux.o
 .debug_aranges
                0x00000000000002e0       0xe0 ./Drivers/STM32F1xx_HAL_Driver/Src/stm32f1xx_hal.o
 .debug_aranges
                0x00000000000003c0      0x100 ./Drivers/STM32F1xx_HAL_Driver/Src/stm32f1xx_hal_cortex.o
 .debug_aranges
                0x00000000000004c0       0x58 ./Drivers/STM32F1xx_HAL_Driver/Src/stm32f1xx_hal_gpio.o
 .debug_aranges
                0x0000000000000518       0x90 ./Drivers/STM32F1xx_HAL_Driver/Src/stm32f1xx_hal_rcc.o
 .debug_aranges
                0x00000000000005a8      0x3d0 ./Drivers/STM32F1xx_HAL_Driver/Src/stm32f1xx_hal_tim.o
 .debug_aranges
                0x0000000000000978      0x168 ./Drivers/STM32F1xx_HAL_Driver/Src/stm32f1xx_hal_tim_ex.o

.debug_ranges   0x0000000000000000      0x9a0
 .debug_ranges  0x0000000000000000       0x18 ./Core/Src/clock.o
 .debug_ranges  0x0000000000000018       0x20 ./Core/Src/control7seg_dot.o
 .debug_ranges  0x0000000000000038       0x10 ./Core/Src/control_led_matrix.o
 .debug_ranges  0x0000000000000048       0x50 ./Core/Src/display7seg.o
 .debug_ranges  0x0000000000000098       0x18 ./Core/Src/display_dot.o
 .debug_ranges  0x00000000000000b0       0x18 ./Core/Src/display_led_matrix.o
 .debug_ranges  0x00000000000000c8       0x10 ./Core/Src/led_blinky.o
 .debug_ranges  0x00000000000000d8       0x38 ./Core/Src/main.o
 .debug_ranges  0x0000000000000110       0x40 ./Core/Src/software_timer.o
 .debug_ranges  0x0000000000000150       0x20 ./Core/Src/stm32f1xx_hal_msp.o
 .debug_ranges  0x0000000000000170       0x58 ./Core/Src/stm32f1xx_it.o
 .debug_ranges  0x00000000000001c8       0x18 ./Core/Src/system_stm32f1xx.o
 .debug_ranges  0x00000000000001e0       0x20 ./Core/Startup/startup_stm32f103c6ux.o
 .debug_ranges  0x0000000000000200       0xd0 ./Drivers/STM32F1xx_HAL_Driver/Src/stm32f1xx_hal.o
 .debug_ranges  0x00000000000002d0       0xf0 ./Drivers/STM32F1xx_HAL_Driver/Src/stm32f1xx_hal_cortex.o
 .debug_ranges  0x00000000000003c0       0x48 ./Drivers/STM32F1xx_HAL_Driver/Src/stm32f1xx_hal_gpio.o
 .debug_ranges  0x0000000000000408       0x80 ./Drivers/STM32F1xx_HAL_Driver/Src/stm32f1xx_hal_rcc.o
 .debug_ranges  0x0000000000000488      0x3c0 ./Drivers/STM32F1xx_HAL_Driver/Src/stm32f1xx_hal_tim.o
 .debug_ranges  0x0000000000000848      0x158 ./Drivers/STM32F1xx_HAL_Driver/Src/stm32f1xx_hal_tim_ex.o

.debug_macro    0x0000000000000000    0x16d33
 .debug_macro   0x0000000000000000       0x38 ./Core/Src/clock.o
 .debug_macro   0x0000000000000038      0xa9c ./Core/Src/clock.o
 .debug_macro   0x0000000000000ad4       0x46 ./Core/Src/clock.o
 .debug_macro   0x0000000000000b1a       0x38 ./Core/Src/control7seg_dot.o
 .debug_macro   0x0000000000000b52      0x1cd ./Core/Src/control_led_matrix.o
 .debug_macro   0x0000000000000d1f      0x215 ./Core/Src/control_led_matrix.o
 .debug_macro   0x0000000000000f34       0x2e ./Core/Src/control_led_matrix.o
 .debug_macro   0x0000000000000f62       0x22 ./Core/Src/control_led_matrix.o
 .debug_macro   0x0000000000000f84       0x22 ./Core/Src/control_led_matrix.o
 .debug_macro   0x0000000000000fa6       0x8e ./Core/Src/control_led_matrix.o
 .debug_macro   0x0000000000001034       0x51 ./Core/Src/control_led_matrix.o
 .debug_macro   0x0000000000001085      0x103 ./Core/Src/control_led_matrix.o
 .debug_macro   0x0000000000001188       0x6a ./Core/Src/control_led_matrix.o
 .debug_macro   0x00000000000011f2      0x1df ./Core/Src/control_led_matrix.o
 .debug_macro   0x00000000000013d1       0x1c ./Core/Src/control_led_matrix.o
 .debug_macro   0x00000000000013ed       0x22 ./Core/Src/control_led_matrix.o
 .debug_macro   0x000000000000140f       0xc3 ./Core/Src/control_led_matrix.o
 .debug_macro   0x00000000000014d2      0xd23 ./Core/Src/control_led_matrix.o
 .debug_macro   0x00000000000021f5     0xde75 ./Core/Src/control_led_matrix.o
 .debug_macro   0x000000000001006a       0x6d ./Core/Src/control_led_matrix.o
 .debug_macro   0x00000000000100d7     0x348d ./Core/Src/control_led_matrix.o
 .debug_macro   0x0000000000013564      0x174 ./Core/Src/control_led_matrix.o
 .debug_macro   0x00000000000136d8       0x5c ./Core/Src/control_led_matrix.o
 .debug_macro   0x0000000000013734      0x5bc ./Core/Src/control_led_matrix.o
 .debug_macro   0x0000000000013cf0      0x1b7 ./Core/Src/control_led_matrix.o
 .debug_macro   0x0000000000013ea7      0x1cb ./Core/Src/control_led_matrix.o
 .debug_macro   0x0000000000014072      0x114 ./Core/Src/control_led_matrix.o
 .debug_macro   0x0000000000014186      0x1b2 ./Core/Src/control_led_matrix.o
 .debug_macro   0x0000000000014338       0x27 ./Core/Src/control_led_matrix.o
 .debug_macro   0x000000000001435f      0x12f ./Core/Src/control_led_matrix.o
 .debug_macro   0x000000000001448e      0x1bc ./Core/Src/control_led_matrix.o
 .debug_macro   0x000000000001464a       0x34 ./Core/Src/control_led_matrix.o
 .debug_macro   0x000000000001467e       0x3c ./Core/Src/control_led_matrix.o
 .debug_macro   0x00000000000146ba       0x57 ./Core/Src/control_led_matrix.o
 .debug_macro   0x0000000000014711       0x87 ./Core/Src/control_led_matrix.o
 .debug_macro   0x0000000000014798      0x183 ./Core/Src/control_led_matrix.o
 .debug_macro   0x000000000001491b      0x140 ./Core/Src/control_led_matrix.o
 .debug_macro   0x0000000000014a5b      0x8ed ./Core/Src/control_led_matrix.o
 .debug_macro   0x0000000000015348       0x69 ./Core/Src/control_led_matrix.o
 .debug_macro   0x00000000000153b1      0x160 ./Core/Src/control_led_matrix.o
 .debug_macro   0x0000000000015511      0x1b0 ./Core/Src/display7seg.o
 .debug_macro   0x00000000000156c1      0x1b0 ./Core/Src/display_dot.o
 .debug_macro   0x0000000000015871      0x1ba ./Core/Src/display_led_matrix.o
 .debug_macro   0x0000000000015a2b       0x1a ./Core/Src/global.o
 .debug_macro   0x0000000000015a45      0x1c3 ./Core/Src/led_blinky.o
 .debug_macro   0x0000000000015c08      0x1f7 ./Core/Src/main.o
 .debug_macro   0x0000000000015dff       0x1b ./Core/Src/software_timer.o
 .debug_macro   0x0000000000015e1a      0x1a6 ./Core/Src/stm32f1xx_hal_msp.o
 .debug_macro   0x0000000000015fc0      0x1b0 ./Core/Src/stm32f1xx_it.o
 .debug_macro   0x0000000000016170      0x197 ./Core/Src/system_stm32f1xx.o
 .debug_macro   0x0000000000016307      0x1bb ./Drivers/STM32F1xx_HAL_Driver/Src/stm32f1xx_hal.o
 .debug_macro   0x00000000000164c2      0x197 ./Drivers/STM32F1xx_HAL_Driver/Src/stm32f1xx_hal_cortex.o
 .debug_macro   0x0000000000016659      0x202 ./Drivers/STM32F1xx_HAL_Driver/Src/stm32f1xx_hal_gpio.o
 .debug_macro   0x000000000001685b      0x1a9 ./Drivers/STM32F1xx_HAL_Driver/Src/stm32f1xx_hal_rcc.o
 .debug_macro   0x0000000000016a04      0x198 ./Drivers/STM32F1xx_HAL_Driver/Src/stm32f1xx_hal_tim.o
 .debug_macro   0x0000000000016b9c      0x197 ./Drivers/STM32F1xx_HAL_Driver/Src/stm32f1xx_hal_tim_ex.o

.debug_line     0x0000000000000000     0xba78
 .debug_line    0x0000000000000000       0xfb ./Core/Src/clock.o
 .debug_line    0x00000000000000fb      0x17b ./Core/Src/control7seg_dot.o
 .debug_line    0x0000000000000276      0x6f2 ./Core/Src/control_led_matrix.o
 .debug_line    0x0000000000000968      0x77f ./Core/Src/display7seg.o
 .debug_line    0x00000000000010e7      0x685 ./Core/Src/display_dot.o
 .debug_line    0x000000000000176c      0x71a ./Core/Src/display_led_matrix.o
 .debug_line    0x0000000000001e86       0x4d ./Core/Src/global.o
 .debug_line    0x0000000000001ed3      0x6a8 ./Core/Src/led_blinky.o
 .debug_line    0x000000000000257b      0x808 ./Core/Src/main.o
 .debug_line    0x0000000000002d83      0x179 ./Core/Src/software_timer.o
 .debug_line    0x0000000000002efc      0x6a1 ./Core/Src/stm32f1xx_hal_msp.o
 .debug_line    0x000000000000359d      0x73f ./Core/Src/stm32f1xx_it.o
 .debug_line    0x0000000000003cdc      0x6e3 ./Core/Src/system_stm32f1xx.o
 .debug_line    0x00000000000043bf       0x86 ./Core/Startup/startup_stm32f103c6ux.o
 .debug_line    0x0000000000004445      0x910 ./Drivers/STM32F1xx_HAL_Driver/Src/stm32f1xx_hal.o
 .debug_line    0x0000000000004d55      0xaf8 ./Drivers/STM32F1xx_HAL_Driver/Src/stm32f1xx_hal_cortex.o
 .debug_line    0x000000000000584d      0x993 ./Drivers/STM32F1xx_HAL_Driver/Src/stm32f1xx_hal_gpio.o
 .debug_line    0x00000000000061e0      0xd1c ./Drivers/STM32F1xx_HAL_Driver/Src/stm32f1xx_hal_rcc.o
 .debug_line    0x0000000000006efc     0x3346 ./Drivers/STM32F1xx_HAL_Driver/Src/stm32f1xx_hal_tim.o
 .debug_line    0x000000000000a242     0x1836 ./Drivers/STM32F1xx_HAL_Driver/Src/stm32f1xx_hal_tim_ex.o

.debug_str      0x0000000000000000    0x825d4
 .debug_str     0x0000000000000000     0x2ecb ./Core/Src/clock.o
                                       0x2ed8 (size before relaxing)
 .debug_str     0x0000000000002ecb       0x79 ./Core/Src/control7seg_dot.o
                                       0x2efb (size before relaxing)
 .debug_str     0x0000000000002f44    0x7cafc ./Core/Src/control_led_matrix.o
                                      0x7fc94 (size before relaxing)
 .debug_str     0x000000000007fa40       0x8c ./Core/Src/display7seg.o
                                      0x7fbab (size before relaxing)
 .debug_str     0x000000000007facc       0x29 ./Core/Src/display_dot.o
                                      0x7fb6a (size before relaxing)
 .debug_str     0x000000000007faf5       0x8c ./Core/Src/display_led_matrix.o
                                      0x7fc2d (size before relaxing)
 .debug_str     0x000000000007fb81       0x15 ./Core/Src/global.o
                                       0x2e20 (size before relaxing)
 .debug_str     0x000000000007fb96       0x3c ./Core/Src/led_blinky.o
                                      0x7fc89 (size before relaxing)
 .debug_str     0x000000000007fbd2      0x6fb ./Core/Src/main.o
                                      0x8046c (size before relaxing)
 .debug_str     0x00000000000802cd       0xc5 ./Core/Src/software_timer.o
                                       0x2e6e (size before relaxing)
 .debug_str     0x0000000000080392      0x2ba ./Core/Src/stm32f1xx_hal_msp.o
                                      0x80321 (size before relaxing)
 .debug_str     0x000000000008064c       0xcd ./Core/Src/stm32f1xx_it.o
                                      0x80083 (size before relaxing)
 .debug_str     0x0000000000080719       0x52 ./Core/Src/system_stm32f1xx.o
                                      0x7f6ce (size before relaxing)
 .debug_str     0x000000000008076b       0x36 ./Core/Startup/startup_stm32f103c6ux.o
                                         0x5d (size before relaxing)
 .debug_str     0x00000000000807a1      0x304 ./Drivers/STM32F1xx_HAL_Driver/Src/stm32f1xx_hal.o
                                      0x7fd25 (size before relaxing)
 .debug_str     0x0000000000080aa5      0x300 ./Drivers/STM32F1xx_HAL_Driver/Src/stm32f1xx_hal_cortex.o
                                      0x7fd2d (size before relaxing)
 .debug_str     0x0000000000080da5      0x324 ./Drivers/STM32F1xx_HAL_Driver/Src/stm32f1xx_hal_gpio.o
                                      0x7fa92 (size before relaxing)
 .debug_str     0x00000000000810c9      0x24f ./Drivers/STM32F1xx_HAL_Driver/Src/stm32f1xx_hal_rcc.o
                                      0x7facb (size before relaxing)
 .debug_str     0x0000000000081318      0xdce ./Drivers/STM32F1xx_HAL_Driver/Src/stm32f1xx_hal_tim.o
                                      0x80aa4 (size before relaxing)
 .debug_str     0x00000000000820e6      0x4ee ./Drivers/STM32F1xx_HAL_Driver/Src/stm32f1xx_hal_tim_ex.o
                                      0x80255 (size before relaxing)

.comment        0x0000000000000000       0x53
 .comment       0x0000000000000000       0x53 ./Core/Src/clock.o
                                         0x54 (size before relaxing)
 .comment       0x0000000000000053       0x54 ./Core/Src/control7seg_dot.o
 .comment       0x0000000000000053       0x54 ./Core/Src/control_led_matrix.o
 .comment       0x0000000000000053       0x54 ./Core/Src/display7seg.o
 .comment       0x0000000000000053       0x54 ./Core/Src/display_dot.o
 .comment       0x0000000000000053       0x54 ./Core/Src/display_led_matrix.o
 .comment       0x0000000000000053       0x54 ./Core/Src/global.o
 .comment       0x0000000000000053       0x54 ./Core/Src/led_blinky.o
 .comment       0x0000000000000053       0x54 ./Core/Src/main.o
 .comment       0x0000000000000053       0x54 ./Core/Src/software_timer.o
 .comment       0x0000000000000053       0x54 ./Core/Src/stm32f1xx_hal_msp.o
 .comment       0x0000000000000053       0x54 ./Core/Src/stm32f1xx_it.o
 .comment       0x0000000000000053       0x54 ./Core/Src/system_stm32f1xx.o
 .comment       0x0000000000000053       0x54 ./Drivers/STM32F1xx_HAL_Driver/Src/stm32f1xx_hal.o
 .comment       0x0000000000000053       0x54 ./Drivers/STM32F1xx_HAL_Driver/Src/stm32f1xx_hal_cortex.o
 .comment       0x0000000000000053       0x54 ./Drivers/STM32F1xx_HAL_Driver/Src/stm32f1xx_hal_gpio.o
 .comment       0x0000000000000053       0x54 ./Drivers/STM32F1xx_HAL_Driver/Src/stm32f1xx_hal_rcc.o
 .comment       0x0000000000000053       0x54 ./Drivers/STM32F1xx_HAL_Driver/Src/stm32f1xx_hal_tim.o
 .comment       0x0000000000000053       0x54 ./Drivers/STM32F1xx_HAL_Driver/Src/stm32f1xx_hal_tim_ex.o

.debug_frame    0x0000000000000000     0x29b8
 .debug_frame   0x0000000000000000       0x4c ./Core/Src/clock.o
 .debug_frame   0x000000000000004c       0x6c ./Core/Src/control7seg_dot.o
 .debug_frame   0x00000000000000b8       0x2c ./Core/Src/control_led_matrix.o
 .debug_frame   0x00000000000000e4      0x118 ./Core/Src/display7seg.o
 .debug_frame   0x00000000000001fc       0x48 ./Core/Src/display_dot.o
 .debug_frame   0x0000000000000244       0x58 ./Core/Src/display_led_matrix.o
 .debug_frame   0x000000000000029c       0x34 ./Core/Src/led_blinky.o
 .debug_frame   0x00000000000002d0       0xd4 ./Core/Src/main.o
 .debug_frame   0x00000000000003a4      0x120 ./Core/Src/software_timer.o
 .debug_frame   0x00000000000004c4       0x80 ./Core/Src/stm32f1xx_hal_msp.o
 .debug_frame   0x0000000000000544      0x120 ./Core/Src/stm32f1xx_it.o
 .debug_frame   0x0000000000000664       0x58 ./Core/Src/system_stm32f1xx.o
 .debug_frame   0x00000000000006bc      0x334 ./Drivers/STM32F1xx_HAL_Driver/Src/stm32f1xx_hal.o
 .debug_frame   0x00000000000009f0      0x428 ./Drivers/STM32F1xx_HAL_Driver/Src/stm32f1xx_hal_cortex.o
 .debug_frame   0x0000000000000e18      0x14c ./Drivers/STM32F1xx_HAL_Driver/Src/stm32f1xx_hal_gpio.o
 .debug_frame   0x0000000000000f64      0x218 ./Drivers/STM32F1xx_HAL_Driver/Src/stm32f1xx_hal_rcc.o
 .debug_frame   0x000000000000117c     0x11b8 ./Drivers/STM32F1xx_HAL_Driver/Src/stm32f1xx_hal_tim.o
 .debug_frame   0x0000000000002334      0x638 ./Drivers/STM32F1xx_HAL_Driver/Src/stm32f1xx_hal_tim_ex.o
 .debug_frame   0x000000000000296c       0x2c c:/st/stm32cubeide_1.7.0/stm32cubeide/plugins/com.st.stm32cube.ide.mcu.externaltools.gnu-tools-for-stm32.9-2020-q2-update.win32_2.0.0.202105311346/tools/bin/../lib/gcc/arm-none-eabi/9.3.1/../../../../arm-none-eabi/lib/thumb/v7-m/nofp\libc_nano.a(lib_a-init.o)
 .debug_frame   0x0000000000002998       0x20 c:/st/stm32cubeide_1.7.0/stm32cubeide/plugins/com.st.stm32cube.ide.mcu.externaltools.gnu-tools-for-stm32.9-2020-q2-update.win32_2.0.0.202105311346/tools/bin/../lib/gcc/arm-none-eabi/9.3.1/../../../../arm-none-eabi/lib/thumb/v7-m/nofp\libc_nano.a(lib_a-memset.o)
